Parsing netlist: ../deep_hierarchy.v
Building graph for module: soc_top
Graph built with 11 nodes.
Applying layout...
--- ELK JSON Input ---
{
    "children": [
        {
            "height": 15,
            "id": "port_clk",
            "layoutOptions": {
                "elk.layered.layering.layerConstraint": "FIRST",
                "elk.nodeSize.constraints": "FIXED",
                "elk.priority": 100,
                "org.eclipse.elk.layered.layering.layerConstraint": "FIRST",
                "org.eclipse.elk.nodeSize.constraints": "FIXED",
                "org.eclipse.elk.port.borderOffset": 0
            },
            "width": 15
        },
        {
            "height": 15,
            "id": "port_rst_n",
            "layoutOptions": {
                "elk.layered.layering.layerConstraint": "FIRST",
                "elk.nodeSize.constraints": "FIXED",
                "elk.priority": 100,
                "org.eclipse.elk.layered.layering.layerConstraint": "FIRST",
                "org.eclipse.elk.nodeSize.constraints": "FIXED",
                "org.eclipse.elk.port.borderOffset": 0
            },
            "width": 15
        },
        {
            "height": 15,
            "id": "port_external_data_in",
            "layoutOptions": {
                "elk.layered.layering.layerConstraint": "FIRST",
                "elk.nodeSize.constraints": "FIXED",
                "elk.priority": 100,
                "org.eclipse.elk.layered.layering.layerConstraint": "FIRST",
                "org.eclipse.elk.nodeSize.constraints": "FIXED",
                "org.eclipse.elk.port.borderOffset": 0
            },
            "width": 15
        },
        {
            "height": 15,
            "id": "port_uart_rx",
            "layoutOptions": {
                "elk.layered.layering.layerConstraint": "FIRST",
                "elk.nodeSize.constraints": "FIXED",
                "elk.priority": 100,
                "org.eclipse.elk.layered.layering.layerConstraint": "FIRST",
                "org.eclipse.elk.nodeSize.constraints": "FIXED",
                "org.eclipse.elk.port.borderOffset": 0
            },
            "width": 15
        },
        {
            "height": 15,
            "id": "port_external_data_out",
            "layoutOptions": {
                "elk.layered.layering.layerConstraint": "LAST",
                "elk.nodeSize.constraints": "FIXED",
                "elk.priority": 100,
                "org.eclipse.elk.layered.layering.layerConstraint": "LAST",
                "org.eclipse.elk.nodeSize.constraints": "FIXED",
                "org.eclipse.elk.port.borderOffset": 0
            },
            "width": 15
        },
        {
            "height": 15,
            "id": "port_uart_tx",
            "layoutOptions": {
                "elk.layered.layering.layerConstraint": "LAST",
                "elk.nodeSize.constraints": "FIXED",
                "elk.priority": 100,
                "org.eclipse.elk.layered.layering.layerConstraint": "LAST",
                "org.eclipse.elk.nodeSize.constraints": "FIXED",
                "org.eclipse.elk.port.borderOffset": 0
            },
            "width": 15
        },
        {
            "height": 200,
            "id": "inst_cpu",
            "layoutOptions": {
                "elk.layered.nodePlacement.bk.fixedAlignment": "TERMINAL_ALIGNED",
                "elk.nodeSize.constraints": "FIXED",
                "elk.portConstraints": "FIXED_POS",
                "org.eclipse.elk.layered.nodePlacement.bk.fixedAlignment": "TERMINAL_ALIGNED",
                "org.eclipse.elk.nodeSize.constraints": "FIXED",
                "org.eclipse.elk.port.borderOffset": 0,
                "org.eclipse.elk.portConstraints": "FIXED_POS"
            },
            "ports": [
                {
                    "height": 4,
                    "id": "inst_cpu_clk",
                    "layoutOptions": {
                        "elk.port.side": "WEST",
                        "org.eclipse.elk.port.side": "WEST"
                    },
                    "width": 4,
                    "x": 0,
                    "y": 58
                },
                {
                    "height": 4,
                    "id": "inst_cpu_rst_n",
                    "layoutOptions": {
                        "elk.port.side": "WEST",
                        "org.eclipse.elk.port.side": "WEST"
                    },
                    "width": 4,
                    "x": 0,
                    "y": 78
                },
                {
                    "height": 4,
                    "id": "inst_cpu_mem_rdata",
                    "layoutOptions": {
                        "elk.port.side": "WEST",
                        "org.eclipse.elk.port.side": "WEST"
                    },
                    "width": 4,
                    "x": 0,
                    "y": 98
                },
                {
                    "height": 4,
                    "id": "inst_cpu_periph_rdata",
                    "layoutOptions": {
                        "elk.port.side": "WEST",
                        "org.eclipse.elk.port.side": "WEST"
                    },
                    "width": 4,
                    "x": 0,
                    "y": 118
                },
                {
                    "height": 4,
                    "id": "inst_cpu_irq",
                    "layoutOptions": {
                        "elk.port.side": "WEST",
                        "org.eclipse.elk.port.side": "WEST"
                    },
                    "width": 4,
                    "x": 0,
                    "y": 138
                },
                {
                    "height": 4,
                    "id": "inst_cpu_mem_addr",
                    "layoutOptions": {
                        "elk.port.side": "EAST",
                        "org.eclipse.elk.port.side": "EAST"
                    },
                    "width": 4,
                    "x": 76,
                    "y": 18
                },
                {
                    "height": 4,
                    "id": "inst_cpu_mem_wdata",
                    "layoutOptions": {
                        "elk.port.side": "EAST",
                        "org.eclipse.elk.port.side": "EAST"
                    },
                    "width": 4,
                    "x": 76,
                    "y": 38
                },
                {
                    "height": 4,
                    "id": "inst_cpu_mem_we",
                    "layoutOptions": {
                        "elk.port.side": "EAST",
                        "org.eclipse.elk.port.side": "EAST"
                    },
                    "width": 4,
                    "x": 76,
                    "y": 58
                },
                {
                    "height": 4,
                    "id": "inst_cpu_periph_addr",
                    "layoutOptions": {
                        "elk.port.side": "EAST",
                        "org.eclipse.elk.port.side": "EAST"
                    },
                    "width": 4,
                    "x": 76,
                    "y": 78
                },
                {
                    "height": 4,
                    "id": "inst_cpu_periph_wdata",
                    "layoutOptions": {
                        "elk.port.side": "EAST",
                        "org.eclipse.elk.port.side": "EAST"
                    },
                    "width": 4,
                    "x": 76,
                    "y": 98
                },
                {
                    "height": 4,
                    "id": "inst_cpu_periph_we",
                    "layoutOptions": {
                        "elk.port.side": "EAST",
                        "org.eclipse.elk.port.side": "EAST"
                    },
                    "width": 4,
                    "x": 76,
                    "y": 118
                },
                {
                    "height": 4,
                    "id": "inst_cpu_31",
                    "layoutOptions": {
                        "elk.port.side": "EAST",
                        "org.eclipse.elk.port.side": "EAST"
                    },
                    "width": 4,
                    "x": 76,
                    "y": 138
                },
                {
                    "height": 4,
                    "id": "inst_cpu_0",
                    "layoutOptions": {
                        "elk.port.side": "EAST",
                        "org.eclipse.elk.port.side": "EAST"
                    },
                    "width": 4,
                    "x": 76,
                    "y": 158
                },
                {
                    "height": 4,
                    "id": "inst_cpu_7",
                    "layoutOptions": {
                        "elk.port.side": "EAST",
                        "org.eclipse.elk.port.side": "EAST"
                    },
                    "width": 4,
                    "x": 76,
                    "y": 178
                }
            ],
            "width": 80
        },
        {
            "height": 100,
            "id": "inst_mem",
            "layoutOptions": {
                "elk.layered.nodePlacement.bk.fixedAlignment": "TERMINAL_ALIGNED",
                "elk.nodeSize.constraints": "FIXED",
                "elk.portConstraints": "FIXED_POS",
                "org.eclipse.elk.layered.nodePlacement.bk.fixedAlignment": "TERMINAL_ALIGNED",
                "org.eclipse.elk.nodeSize.constraints": "FIXED",
                "org.eclipse.elk.port.borderOffset": 0,
                "org.eclipse.elk.portConstraints": "FIXED_POS"
            },
            "ports": [
                {
                    "height": 4,
                    "id": "inst_mem_clk",
                    "layoutOptions": {
                        "elk.port.side": "WEST",
                        "org.eclipse.elk.port.side": "WEST"
                    },
                    "width": 4,
                    "x": 0,
                    "y": 18
                },
                {
                    "height": 4,
                    "id": "inst_mem_addr",
                    "layoutOptions": {
                        "elk.port.side": "WEST",
                        "org.eclipse.elk.port.side": "WEST"
                    },
                    "width": 4,
                    "x": 0,
                    "y": 38
                },
                {
                    "height": 4,
                    "id": "inst_mem_wdata",
                    "layoutOptions": {
                        "elk.port.side": "WEST",
                        "org.eclipse.elk.port.side": "WEST"
                    },
                    "width": 4,
                    "x": 0,
                    "y": 58
                },
                {
                    "height": 4,
                    "id": "inst_mem_we",
                    "layoutOptions": {
                        "elk.port.side": "WEST",
                        "org.eclipse.elk.port.side": "WEST"
                    },
                    "width": 4,
                    "x": 0,
                    "y": 78
                },
                {
                    "height": 4,
                    "id": "inst_mem_rdata",
                    "layoutOptions": {
                        "elk.port.side": "EAST",
                        "org.eclipse.elk.port.side": "EAST"
                    },
                    "width": 4,
                    "x": 76,
                    "y": 38
                },
                {
                    "height": 4,
                    "id": "inst_mem_31",
                    "layoutOptions": {
                        "elk.port.side": "EAST",
                        "org.eclipse.elk.port.side": "EAST"
                    },
                    "width": 4,
                    "x": 76,
                    "y": 58
                },
                {
                    "height": 4,
                    "id": "inst_mem_0",
                    "layoutOptions": {
                        "elk.port.side": "EAST",
                        "org.eclipse.elk.port.side": "EAST"
                    },
                    "width": 4,
                    "x": 76,
                    "y": 78
                }
            ],
            "width": 80
        },
        {
            "height": 140,
            "id": "inst_periph",
            "layoutOptions": {
                "elk.layered.nodePlacement.bk.fixedAlignment": "TERMINAL_ALIGNED",
                "elk.nodeSize.constraints": "FIXED",
                "elk.portConstraints": "FIXED_POS",
                "org.eclipse.elk.layered.nodePlacement.bk.fixedAlignment": "TERMINAL_ALIGNED",
                "org.eclipse.elk.nodeSize.constraints": "FIXED",
                "org.eclipse.elk.port.borderOffset": 0,
                "org.eclipse.elk.portConstraints": "FIXED_POS"
            },
            "ports": [
                {
                    "height": 4,
                    "id": "inst_periph_clk",
                    "layoutOptions": {
                        "elk.port.side": "WEST",
                        "org.eclipse.elk.port.side": "WEST"
                    },
                    "width": 4,
                    "x": 0,
                    "y": 18
                },
                {
                    "height": 4,
                    "id": "inst_periph_rst_n",
                    "layoutOptions": {
                        "elk.port.side": "WEST",
                        "org.eclipse.elk.port.side": "WEST"
                    },
                    "width": 4,
                    "x": 0,
                    "y": 38
                },
                {
                    "height": 4,
                    "id": "inst_periph_addr",
                    "layoutOptions": {
                        "elk.port.side": "WEST",
                        "org.eclipse.elk.port.side": "WEST"
                    },
                    "width": 4,
                    "x": 0,
                    "y": 58
                },
                {
                    "height": 4,
                    "id": "inst_periph_wdata",
                    "layoutOptions": {
                        "elk.port.side": "WEST",
                        "org.eclipse.elk.port.side": "WEST"
                    },
                    "width": 4,
                    "x": 0,
                    "y": 78
                },
                {
                    "height": 4,
                    "id": "inst_periph_we",
                    "layoutOptions": {
                        "elk.port.side": "WEST",
                        "org.eclipse.elk.port.side": "WEST"
                    },
                    "width": 4,
                    "x": 0,
                    "y": 98
                },
                {
                    "height": 4,
                    "id": "inst_periph_uart_rx",
                    "layoutOptions": {
                        "elk.port.side": "WEST",
                        "org.eclipse.elk.port.side": "WEST"
                    },
                    "width": 4,
                    "x": 0,
                    "y": 118
                },
                {
                    "height": 4,
                    "id": "inst_periph_rdata",
                    "layoutOptions": {
                        "elk.port.side": "EAST",
                        "org.eclipse.elk.port.side": "EAST"
                    },
                    "width": 4,
                    "x": 76,
                    "y": 38
                },
                {
                    "height": 4,
                    "id": "inst_periph_uart_tx",
                    "layoutOptions": {
                        "elk.port.side": "EAST",
                        "org.eclipse.elk.port.side": "EAST"
                    },
                    "width": 4,
                    "x": 76,
                    "y": 58
                },
                {
                    "height": 4,
                    "id": "inst_periph_irq",
                    "layoutOptions": {
                        "elk.port.side": "EAST",
                        "org.eclipse.elk.port.side": "EAST"
                    },
                    "width": 4,
                    "x": 76,
                    "y": 78
                },
                {
                    "height": 4,
                    "id": "inst_periph_7",
                    "layoutOptions": {
                        "elk.port.side": "EAST",
                        "org.eclipse.elk.port.side": "EAST"
                    },
                    "width": 4,
                    "x": 76,
                    "y": 98
                },
                {
                    "height": 4,
                    "id": "inst_periph_0",
                    "layoutOptions": {
                        "elk.port.side": "EAST",
                        "org.eclipse.elk.port.side": "EAST"
                    },
                    "width": 4,
                    "x": 76,
                    "y": 118
                }
            ],
            "width": 80
        },
        {
            "height": 5,
            "id": "net_clk_9",
            "layoutOptions": {
                "elk.nodeSize.constraints": "FIXED",
                "elk.priority": 1,
                "org.eclipse.elk.nodeSize.constraints": "FIXED",
                "org.eclipse.elk.port.borderOffset": 0
            },
            "width": 5
        },
        {
            "height": 5,
            "id": "net_rst_n_10",
            "layoutOptions": {
                "elk.nodeSize.constraints": "FIXED",
                "elk.priority": 1,
                "org.eclipse.elk.nodeSize.constraints": "FIXED",
                "org.eclipse.elk.port.borderOffset": 0
            },
            "width": 5
        }
    ],
    "edges": [
        {
            "id": "e0",
            "sources": [
                "port_clk"
            ],
            "targets": [
                "net_clk_9"
            ]
        },
        {
            "id": "e1",
            "sources": [
                "net_clk_9"
            ],
            "targetPort": "inst_cpu_clk",
            "targets": [
                "inst_cpu"
            ]
        },
        {
            "id": "e2",
            "sources": [
                "net_clk_9"
            ],
            "targetPort": "inst_mem_clk",
            "targets": [
                "inst_mem"
            ]
        },
        {
            "id": "e3",
            "sources": [
                "net_clk_9"
            ],
            "targetPort": "inst_periph_clk",
            "targets": [
                "inst_periph"
            ]
        },
        {
            "id": "e4",
            "sourcePort": "inst_cpu_mem_addr",
            "sources": [
                "inst_cpu"
            ],
            "targetPort": "inst_mem_addr",
            "targets": [
                "inst_mem"
            ]
        },
        {
            "id": "e5",
            "sourcePort": "inst_mem_rdata",
            "sources": [
                "inst_mem"
            ],
            "targetPort": "inst_cpu_mem_rdata",
            "targets": [
                "inst_cpu"
            ]
        },
        {
            "id": "e6",
            "sourcePort": "inst_cpu_mem_wdata",
            "sources": [
                "inst_cpu"
            ],
            "targetPort": "inst_mem_wdata",
            "targets": [
                "inst_mem"
            ]
        },
        {
            "id": "e7",
            "sourcePort": "inst_cpu_mem_we",
            "sources": [
                "inst_cpu"
            ],
            "targetPort": "inst_mem_we",
            "targets": [
                "inst_mem"
            ]
        },
        {
            "id": "e8",
            "sourcePort": "inst_periph_irq",
            "sources": [
                "inst_periph"
            ],
            "targetPort": "inst_cpu_irq",
            "targets": [
                "inst_cpu"
            ]
        },
        {
            "id": "e9",
            "sourcePort": "inst_cpu_periph_addr",
            "sources": [
                "inst_cpu"
            ],
            "targetPort": "inst_periph_addr",
            "targets": [
                "inst_periph"
            ]
        },
        {
            "id": "e10",
            "sourcePort": "inst_periph_rdata",
            "sources": [
                "inst_periph"
            ],
            "targetPort": "inst_cpu_periph_rdata",
            "targets": [
                "inst_cpu"
            ]
        },
        {
            "id": "e11",
            "sourcePort": "inst_cpu_periph_wdata",
            "sources": [
                "inst_cpu"
            ],
            "targetPort": "inst_periph_wdata",
            "targets": [
                "inst_periph"
            ]
        },
        {
            "id": "e12",
            "sourcePort": "inst_cpu_periph_we",
            "sources": [
                "inst_cpu"
            ],
            "targetPort": "inst_periph_we",
            "targets": [
                "inst_periph"
            ]
        },
        {
            "id": "e13",
            "sources": [
                "port_rst_n"
            ],
            "targets": [
                "net_rst_n_10"
            ]
        },
        {
            "id": "e14",
            "sources": [
                "net_rst_n_10"
            ],
            "targetPort": "inst_cpu_rst_n",
            "targets": [
                "inst_cpu"
            ]
        },
        {
            "id": "e15",
            "sources": [
                "net_rst_n_10"
            ],
            "targetPort": "inst_periph_rst_n",
            "targets": [
                "inst_periph"
            ]
        },
        {
            "id": "e16",
            "sources": [
                "port_uart_rx"
            ],
            "targetPort": "inst_periph_uart_rx",
            "targets": [
                "inst_periph"
            ]
        },
        {
            "id": "e17",
            "sourcePort": "inst_periph_uart_tx",
            "sources": [
                "inst_periph"
            ],
            "targets": [
                "port_uart_tx"
            ]
        }
    ],
    "id": "root",
    "layoutOptions": {
        "elk.algorithm": "layered",
        "elk.direction": "RIGHT",
        "elk.layered.nodePlacement.strategy": "BRANDES_KOEPF",
        "elk.layered.spacing.nodeNodeBetweenLayers": 60,
        "elk.spacing.nodeNode": 60,
        "elk.spacing.portPort": 10,
        "org.eclipse.elk.layered.nodePlacement.bk.fixedAlignment": "TERMINAL_ALIGNED",
        "org.eclipse.elk.port.borderOffset": 0
    }
}

----------------------
Layout applied.
Layout verification passed (no module overlap).
Input Port Misplacement: external_data_in is at x=493 which is far from left edge
Port Placement Verification Failed.
Edge Target Misaligned: cpu
(cpu_core):clk Expected: 152,184.667 (Node: 156,124.667) Actual: 156,124.667 Diff: 60.1332
Edge Target Misaligned: mem
(memory_subsystem):clk Expected: 310,344.667 (Node: 314,324.667) Actual: 314,324.667 Diff: 20.3961
Edge Target Misaligned: periph
(peripherals):clk Expected: 310,144.667 (Node: 314,124.667) Actual: 314,124.667 Diff: 20.3961
Edge Source Misaligned: cpu
(cpu_core):mem_addr Expected: 240,144.667 (Node: 156,124.667) Actual: 236,124.667 Diff: 20.3961
Edge Target Misaligned: mem
(memory_subsystem):addr Expected: 310,364.667 (Node: 314,324.667) Actual: 314,324.667 Diff: 40.1995
Edge Source Misaligned: mem
(memory_subsystem):rdata Expected: 398,364.667 (Node: 314,324.667) Actual: 394,324.667 Diff: 40.1995
Edge Target Misaligned: cpu
(cpu_core):mem_rdata Expected: 152,224.667 (Node: 156,124.667) Actual: 156,124.667 Diff: 100.08
Edge Source Misaligned: cpu
(cpu_core):mem_wdata Expected: 240,164.667 (Node: 156,124.667) Actual: 236,124.667 Diff: 40.1995
Edge Target Misaligned: mem
(memory_subsystem):wdata Expected: 310,384.667 (Node: 314,324.667) Actual: 314,324.667 Diff: 60.1332
Edge Source Misaligned: cpu
(cpu_core):mem_we Expected: 240,184.667 (Node: 156,124.667) Actual: 236,124.667 Diff: 60.1332
Edge Target Misaligned: mem
(memory_subsystem):we Expected: 310,404.667 (Node: 314,324.667) Actual: 314,324.667 Diff: 80.0999
Edge Source Misaligned: periph
(peripherals):irq Expected: 398,204.667 (Node: 314,124.667) Actual: 394,124.667 Diff: 80.0999
Edge Target Misaligned: cpu
(cpu_core):irq Expected: 152,264.667 (Node: 156,124.667) Actual: 156,124.667 Diff: 140.057
Edge Source Misaligned: cpu
(cpu_core):periph_addr Expected: 240,204.667 (Node: 156,124.667) Actual: 236,124.667 Diff: 80.0999
Edge Target Misaligned: periph
(peripherals):addr Expected: 310,184.667 (Node: 314,124.667) Actual: 314,124.667 Diff: 60.1332
Edge Source Misaligned: periph
(peripherals):rdata Expected: 398,164.667 (Node: 314,124.667) Actual: 394,124.667 Diff: 40.1995
Edge Target Misaligned: cpu
(cpu_core):periph_rdata Expected: 152,244.667 (Node: 156,124.667) Actual: 156,124.667 Diff: 120.067
Edge Source Misaligned: cpu
(cpu_core):periph_wdata Expected: 240,224.667 (Node: 156,124.667) Actual: 236,124.667 Diff: 100.08
Edge Target Misaligned: periph
(peripherals):wdata Expected: 310,204.667 (Node: 314,124.667) Actual: 314,124.667 Diff: 80.0999
Edge Source Misaligned: cpu
(cpu_core):periph_we Expected: 240,244.667 (Node: 156,124.667) Actual: 236,124.667 Diff: 120.067
Edge Target Misaligned: periph
(peripherals):we Expected: 310,224.667 (Node: 314,124.667) Actual: 314,124.667 Diff: 100.08
Edge Target Misaligned: cpu
(cpu_core):rst_n Expected: 152,204.667 (Node: 156,124.667) Actual: 156,124.667 Diff: 80.0999
Edge Target Misaligned: periph
(peripherals):rst_n Expected: 310,164.667 (Node: 314,124.667) Actual: 314,124.667 Diff: 40.1995
Edge Target Misaligned: periph
(peripherals):uart_rx Expected: 310,244.667 (Node: 314,124.667) Actual: 314,124.667 Diff: 120.067
Edge Source Misaligned: periph
(peripherals):uart_tx Expected: 398,184.667 (Node: 314,124.667) Actual: 394,124.667 Diff: 60.1332
Connection endpoints alignment verification failed.
Edge Orthogonality Passed.
