netlist=1_2_yosys.v
nodes=393
edges=771
instanceOverlaps=0
inputXVariants=1
outputXVariants=1
leftViolations=0
rightViolations=0
brokenEdges=0
badConnectivity=0
collisionPairs=0
edgesWithCollision=0
edgeCrossings=4349
topologicalCrossings=15748
totalEdgeLength=2831623358
avgWaypoints=2929
waypointsP90=4000
waypointsP95=4000
waypointsMax=4000
hSegLength=1870382352
vSegLength=960796125
hvRatio=661
avgDetourRatio=23
detourP50=0
detourP90=74
detourP95=174
detourMax=915
maxCongestion=12
avgCongestion=1684
congestionHotspots=6194
crossingsPer1kEdges=5640726
topoCrossingsPer1kEdges=20425422
collisionPairsPer1kEdges=0
edgeClarity=1000
dummies=-1
runtime_ms=1799
