netlist=complex.v
nodes=18
edges=24
instanceOverlaps=0
inputXVariants=1
outputXVariants=1
leftViolations=0
rightViolations=0
brokenEdges=0
badConnectivity=0
collisionPairs=0
edgesWithCollision=0
edgeCrossings=16
topologicalCrossings=19
totalEdgeLength=6632525
avgWaypoints=2500
waypointsP90=4000
waypointsP95=4000
waypointsMax=4000
hSegLength=4027500
vSegLength=2605025
hvRatio=607
avgDetourRatio=139
detourP50=0
detourP90=573
detourP95=719
detourMax=778
maxCongestion=5
avgCongestion=1467
congestionHotspots=12
crossingsPer1kEdges=666667
topoCrossingsPer1kEdges=791667
collisionPairsPer1kEdges=0
edgeClarity=1000
dummies=-1
runtime_ms=7
