netlist=deep_hierarchy.v
nodes=11
edges=18
instanceOverlaps=0
inputXVariants=1
outputXVariants=1
leftViolations=0
rightViolations=0
brokenEdges=0
badConnectivity=0
collisionPairs=0
edgesWithCollision=0
edgeCrossings=14
topologicalCrossings=8
totalEdgeLength=2953500
avgWaypoints=2222
waypointsP90=4000
waypointsP95=4000
waypointsMax=4000
hSegLength=1774500
vSegLength=1179000
hvRatio=601
avgDetourRatio=49
detourP50=0
detourP90=0
detourP95=131
detourMax=876
maxCongestion=7
avgCongestion=1723
congestionHotspots=11
crossingsPer1kEdges=777778
topoCrossingsPer1kEdges=444444
collisionPairsPer1kEdges=0
edgeClarity=1000
dummies=-1
runtime_ms=2
