netlist=eqne.v
nodes=8
edges=0
instanceOverlaps=0
inputXVariants=1
outputXVariants=1
leftViolations=0
rightViolations=0
brokenEdges=0
badConnectivity=0
collisionPairs=0
edgesWithCollision=0
edgeCrossings=0
topologicalCrossings=0
totalEdgeLength=0
avgWaypoints=0
waypointsP90=0
waypointsP95=0
waypointsMax=0
hSegLength=0
vSegLength=0
hvRatio=0
avgDetourRatio=0
detourP50=0
detourP90=0
detourP95=0
detourMax=0
maxCongestion=0
avgCongestion=0
congestionHotspots=0
crossingsPer1kEdges=0
topoCrossingsPer1kEdges=0
collisionPairsPer1kEdges=0
edgeClarity=0
dummies=-1
runtime_ms=0
