netlist=test_circuit.v
nodes=6
edges=5
instanceOverlaps=0
inputXVariants=1
outputXVariants=1
leftViolations=0
rightViolations=0
brokenEdges=0
badConnectivity=0
collisionPairs=0
edgesWithCollision=0
edgeCrossings=0
topologicalCrossings=0
totalEdgeLength=210000
avgWaypoints=800
waypointsP90=2000
waypointsP95=2000
waypointsMax=2000
hSegLength=190000
vSegLength=20000
hvRatio=905
avgDetourRatio=0
detourP50=0
detourP90=0
detourP95=0
detourMax=0
maxCongestion=2
avgCongestion=1235
congestionHotspots=0
crossingsPer1kEdges=0
topoCrossingsPer1kEdges=0
collisionPairsPer1kEdges=0
edgeClarity=1000
dummies=-1
runtime_ms=0
